2026-01-29T17:16:18 error=IndexError('list index out of range')
2026-01-29T17:16:20 error=TimeoutError('timed out')
2026-01-29T17:16:35 error=TimeoutError('timed out')
2026-01-29T17:16:38 error=IndexError('list index out of range')
2026-01-29T17:16:38 error=IndexError('list index out of range')
2026-01-29T17:16:38 error=IndexError('list index out of range')
2026-01-29T17:16:38 error=IndexError('list index out of range')
2026-01-29T17:16:38 error=IndexError('list index out of range')
2026-01-29T17:16:38 error=IndexError('list index out of range')
2026-01-29T17:16:38 error=IndexError('list index out of range')
2026-01-29T17:16:38 error=IndexError('list index out of range')
2026-01-29T17:16:38 error=IndexError('list index out of range')
2026-01-29T17:16:38 error=IndexError('list index out of range')
2026-01-29T17:16:38 error=IndexError('list index out of range')
2026-01-29T17:16:38 error=IndexError('list index out of range')
2026-01-29T17:16:38 error=IndexError('list index out of range')
2026-01-29T17:16:38 error=IndexError('list index out of range')
2026-01-29T17:16:38 error=IndexError('list index out of range')
2026-01-29T17:16:38 error=IndexError('list index out of range')
2026-01-29T17:16:38 error=IndexError('list index out of range')
2026-01-29T17:16:38 error=IndexError('list index out of range')
2026-01-29T17:16:38 error=IndexError('list index out of range')
2026-01-29T17:16:38 error=IndexError('list index out of range')
2026-01-29T17:16:38 error=IndexError('list index out of range')
2026-01-29T17:16:38 error=IndexError('list index out of range')
2026-01-29T17:16:38 error=IndexError('list index out of range')
2026-01-29T17:16:38 error=IndexError('list index out of range')
2026-01-29T17:16:38 error=IndexError('list index out of range')
2026-01-29T17:16:38 error=IndexError('list index out of range')
2026-01-29T17:16:38 error=IndexError('list index out of range')
2026-01-29T17:16:38 error=IndexError('list index out of range')
2026-01-29T17:16:38 error=IndexError('list index out of range')
2026-01-29T17:16:38 error=IndexError('list index out of range')
2026-01-29T17:16:38 error=IndexError('list index out of range')
2026-01-29T17:16:38 error=IndexError('list index out of range')
2026-01-29T17:16:38 error=IndexError('list index out of range')
2026-01-29T17:16:38 error=IndexError('list index out of range')
2026-01-29T17:16:38 error=IndexError('list index out of range')
2026-01-29T17:16:38 error=IndexError('list index out of range')
2026-01-29T17:16:38 error=IndexError('list index out of range')
2026-01-29T17:16:38 error=IndexError('list index out of range')
2026-01-29T17:16:38 error=IndexError('list index out of range')
2026-01-29T17:16:38 error=IndexError('list index out of range')
2026-01-29T17:16:38 error=IndexError('list index out of range')
2026-01-29T17:16:38 error=IndexError('list index out of range')
2026-01-29T17:16:38 error=IndexError('list index out of range')
2026-01-29T17:16:38 error=IndexError('list index out of range')
2026-01-29T17:16:38 error=IndexError('list index out of range')
2026-01-29T17:16:38 error=IndexError('list index out of range')
2026-01-29T17:16:38 error=IndexError('list index out of range')
2026-01-29T17:16:38 error=IndexError('list index out of range')
2026-01-29T17:16:38 error=IndexError('list index out of range')
2026-01-29T17:16:38 error=IndexError('list index out of range')
2026-01-29T17:16:38 error=IndexError('list index out of range')
2026-01-29T17:16:38 error=IndexError('list index out of range')
2026-01-29T17:16:38 error=IndexError('list index out of range')
2026-01-29T17:16:38 error=IndexError('list index out of range')
2026-01-29T17:16:38 error=IndexError('list index out of range')
2026-01-29T17:16:38 error=IndexError('list index out of range')
2026-01-29T17:16:38 error=IndexError('list index out of range')
2026-01-29T17:16:38 error=IndexError('list index out of range')
2026-01-29T17:16:38 error=IndexError('list index out of range')
2026-01-29T17:16:38 error=IndexError('list index out of range')
2026-01-29T17:16:38 error=IndexError('list index out of range')
2026-01-29T17:16:38 error=IndexError('list index out of range')
2026-01-29T17:16:39 error=IndexError('list index out of range')
2026-01-29T17:16:39 error=IndexError('list index out of range')
2026-01-29T17:16:39 error=IndexError('list index out of range')
2026-01-29T17:16:39 error=IndexError('list index out of range')
2026-01-29T17:16:39 error=IndexError('list index out of range')
2026-01-29T17:16:39 error=IndexError('list index out of range')
2026-01-29T17:16:39 error=IndexError('list index out of range')
2026-01-29T17:16:39 error=IndexError('list index out of range')
2026-01-29T17:16:49 error=OSError(49, "Can't assign requested address")
2026-01-29T17:16:49 error=OSError(49, "Can't assign requested address")
2026-01-29T17:16:49 error=OSError(49, "Can't assign requested address")
OK=9995 FAIL=76 TOTAL_TIME=40.077s RPS=249.39
LAT avg=0.003604s p95=0.013514s p99=0.016602s
SERVER_COUNTS={1: 545, 2: 900, 3: 9, 4: 8447, 5: 23, 6: 0, 7: 0, 8: 0}
